<html>
<body>
<pre>
<h1>µVision Build Log</h1>
<h2>Tool Versions:</h2>
IDE-Version: µVision V5.29.0.0
Copyright (C) 2019 ARM Ltd and ARM Germany GmbH. All rights reserved.
License Information: s d, s, LIC=----
 
Tool Versions:
Toolchain:       MDK-Lite  Version: 5.29.0.0
Toolchain Path:  D:\Apps\Keil C\File\Core\ARM\ARMCC\Bin
C Compiler:      Armcc.exe V5.06 update 6 (build 750)
Assembler:       Armasm.exe V5.06 update 6 (build 750)
Linker/Locator:  ArmLink.exe V5.06 update 6 (build 750)
Library Manager: ArmAr.exe V5.06 update 6 (build 750)
Hex Converter:   FromElf.exe V5.06 update 6 (build 750)
CPU DLL:         SARMCM3.DLL V5.29.0.0
Dialog DLL:      DCM.DLL V1.17.3.0
Target DLL:      STLink\ST-LINKIII-KEIL_SWO.dll V3.0.7.0
Dialog DLL:      TCM.DLL V1.36.5.0
 
<h2>Project:</h2>
C:\Users\DEll\Desktop\Embedded InterviewT7\Technical\Embedded\33_SPI_Uart_CodeHardware\SPI_CodeHardware\Master_SPI_CodeHardware\Master_SPI_HardwareCode.uvprojx
Project File Date:  10/04/2023

<h2>Output:</h2>
*** Using Compiler 'V5.06 update 6 (build 750)', folder: 'D:\Apps\Keil C\File\Core\ARM\ARMCC\Bin'
Rebuild target 'Target 1'
compiling stm32f10x_gpio.c...
compiling Delay_Timer.c...
.\1_Header\Delay_Timer.h(7): warning:  #1295-D: Deprecated declaration TIM2_INT_Init - give arg types
  void TIM2_INT_Init();
.\1_Header\Delay_Timer.h(8): warning:  #1295-D: Deprecated declaration TIM2_IRQHandler - give arg types
  void TIM2_IRQHandler();
compiling misc.c...
compiling stm32f10x_spi.c...
compiling Master_SPI.c...
.\1_Header\Master_SPI.h(15): warning:  #1295-D: Deprecated declaration SPI_Config - give arg types
  void SPI_Config();
.\1_Header\Delay_Timer.h(7): warning:  #1295-D: Deprecated declaration TIM2_INT_Init - give arg types
  void TIM2_INT_Init();
.\1_Header\Delay_Timer.h(8): warning:  #1295-D: Deprecated declaration TIM2_IRQHandler - give arg types
  void TIM2_IRQHandler();
compiling stm32f10x_rcc.c...
compiling main_Master_SPI.c...
.\1_Header\Master_SPI.h(15): warning:  #1295-D: Deprecated declaration SPI_Config - give arg types
  void SPI_Config();
.\1_Header\Delay_Timer.h(7): warning:  #1295-D: Deprecated declaration TIM2_INT_Init - give arg types
  void TIM2_INT_Init();
.\1_Header\Delay_Timer.h(8): warning:  #1295-D: Deprecated declaration TIM2_IRQHandler - give arg types
  void TIM2_IRQHandler();
assembling startup_stm32f10x_md.s...
compiling GPIO_STM32F10x.c...
compiling system_stm32f10x.c...
compiling stm32f10x_tim.c...
linking...
Program Size: Code=2028 RO-data=268 RW-data=4 ZI-data=1636  
".\Objects\Master_SPI_HardwareCode.axf" - 0 Error(s), 8 Warning(s).

<h2>Software Packages used:</h2>

Package Vendor: ARM
                http://www.keil.com/pack/ARM.CMSIS.5.6.0.pack
                ARM.CMSIS.5.6.0
                CMSIS (Cortex Microcontroller Software Interface Standard)
   * Component: CORE Version: 5.3.0

Package Vendor: Keil
                https://www.keil.com/pack/Keil.STM32F1xx_DFP.2.4.1.pack
                Keil.STM32F1xx_DFP.2.4.1
                STMicroelectronics STM32F1 Series Device Support, Drivers and Examples
   * Component: GPIO Version: 1.3
   * Component: Startup Version: 1.0.0
   * Component: Framework Version: 3.6.0
   * Component: GPIO Version: 3.6.0
   * Component: RCC Version: 3.6.0
   * Component: SPI Version: 3.6.0
   * Component: TIM Version: 3.6.0

<h2>Collection of Component include folders:</h2>
  .\RTE\Device\STM32F103C8
  .\RTE\_Target_1
  D:\Apps\Keil C\File\Pack\ARM\CMSIS\5.6.0\CMSIS\Core\Include
  D:\Apps\Keil C\File\Pack\Keil\STM32F1xx_DFP\2.4.1\Device\Include
  D:\Apps\Keil C\File\Pack\Keil\STM32F1xx_DFP\2.4.1\Device\StdPeriph_Driver\inc
  D:\Apps\Keil C\File\Pack\Keil\STM32F1xx_DFP\2.4.1\RTE_Driver

<h2>Collection of Component Files used:</h2>

   * Component: ARM::CMSIS:CORE:5.3.0

   * Component: Keil::Device:GPIO:1.3
      Include file:  RTE_Driver\GPIO_STM32F10x.h
      Source file:   RTE_Driver\GPIO_STM32F10x.c

   * Component: Keil::Device:Startup:1.0.0
      Source file:   Device\Source\ARM\startup_stm32f10x_md.s
      Source file:   Device\Source\system_stm32f10x.c
      Include file:  RTE_Driver\Config\RTE_Device.h
      Source file:   Device\Source\ARM\STM32F1xx_OPT.s

   * Component: Keil::Device:StdPeriph Drivers:Framework:3.6.0
      Include file:  Device\StdPeriph_Driver\inc\misc.h
      Include file:  Device\StdPeriph_Driver\templates\stm32f10x_it.h
      Source file:   Device\StdPeriph_Driver\src\misc.c
      Source file:   Device\StdPeriph_Driver\templates\stm32f10x_conf.h
      Source file:   Device\StdPeriph_Driver\templates\stm32f10x_it.c

   * Component: Keil::Device:StdPeriph Drivers:GPIO:3.6.0
      Include file:  Device\StdPeriph_Driver\inc\stm32f10x_gpio.h
      Source file:   Device\StdPeriph_Driver\src\stm32f10x_gpio.c

   * Component: Keil::Device:StdPeriph Drivers:RCC:3.6.0
      Include file:  Device\StdPeriph_Driver\inc\stm32f10x_rcc.h
      Source file:   Device\StdPeriph_Driver\src\stm32f10x_rcc.c

   * Component: Keil::Device:StdPeriph Drivers:SPI:3.6.0
      Source file:   Device\StdPeriph_Driver\src\stm32f10x_spi.c
      Include file:  Device\StdPeriph_Driver\inc\stm32f10x_spi.h

   * Component: Keil::Device:StdPeriph Drivers:TIM:3.6.0
      Source file:   Device\StdPeriph_Driver\src\stm32f10x_tim.c
      Include file:  Device\StdPeriph_Driver\inc\stm32f10x_tim.h
Build Time Elapsed:  00:00:03
</pre>
</body>
</html>
